
> claude-tutorial@1.0.0 build
> next build

Γû▓ Next.js 16.2.1 (Turbopack)
- Environments: .env.local

  Creating an optimized production build ...
Γ£ô Compiled successfully in 5.9s
  Running TypeScript ...
  Finished TypeScript in 7.9s ...
  Collecting page data using 7 workers ...
node.exe : Error: Failed to collect configuration 
for /dashboard
At line:1 char:1
+ & "C:\Program Files\nodejs/node.exe" 
"C:\Users\sayto\AppData\Roaming\ ...
+ ~~~~~~~~~~~~~~~~~~~~~~~~~~~~~~~~~~~~~~~~~~~~~~~~
~~~~~~~~~~~~~~~~~~~~~
    + CategoryInfo          : NotSpecified: (Erro 
   r: Failed t... for /dashboard:String) [], Rem  
  oteException
    + FullyQualifiedErrorId : NativeCommandError
 
    at ignore-listed frames {
  [cause]: TypeError: e.default.createContext is 
not a function
      at module evaluation (E:\WebDev\Claude tutor
ial\.next\server\chunks\ssr\_08n~eeo._.js:1:16689)
      at instantiateModule (E:\WebDev\Claude tutor
ial\.next\server\chunks\ssr\[turbopack]_runtime.js
:853:9)
      at getOrInstantiateModuleFromParent 
(E:\WebDev\Claude tutorial\.next\server\chunks\ssr
\[turbopack]_runtime.js:877:12)
      at Context.esmImport [as i] 
(E:\WebDev\Claude tutorial\.next\server\chunks\ssr
\[turbopack]_runtime.js:281:20)
      at module evaluation (E:\WebDev\Claude tutor
ial\.next\server\chunks\ssr\_08n~eeo._.js:2:14003)
      at instantiateModule (E:\WebDev\Claude tutor
ial\.next\server\chunks\ssr\[turbopack]_runtime.js
:853:9)
      at getOrInstantiateModuleFromParent 
(E:\WebDev\Claude tutorial\.next\server\chunks\ssr
\[turbopack]_runtime.js:877:12)
      at Context.commonJsRequire [as r] 
(E:\WebDev\Claude tutorial\.next\server\chunks\ssr
\[turbopack]_runtime.js:302:12)
}

> Build error occurred
Error: Failed to collect page data for /dashboard
    at ignore-listed frames {
  type: 'Error'
}
